# Mysql Version:
```
[ec2-user@ip-172-31-0-115 ~]$ mysql --version
mysql  Ver 14.14 Distrib 5.6.34, for Linux (x86_64) using  EditLine wrapper
```

# Databases
```
mysql> show databases;
+--------------------+
| Database           |
+--------------------+
| information_schema |
| hue                |
| hive               |
| mysql              |
| oozie              |
| performance_schema |
| rman               |
| information_schema |
| sentry             |
| scm                |
+--------------------+
8 rows in set (0,00 sec)
```

```
mysql> show grants for scm;
+----------------------------------------------------------------------------------------------------+
| Grants for scm@%                                                                                   |
+----------------------------------------------------------------------------------------------------+
| GRANT USAGE ON *.* TO 'scm'@'%' IDENTIFIED BY PASSWORD '*52FEE2327A0D95837BFA01DA3D8B434216D40E43' |
| GRANT ALL PRIVILEGES ON `scm`.* TO 'scm'@'%'                                                       |
+----------------------------------------------------------------------------------------------------+
2 rows in set (0,01 sec)

mysql> show grants for metastore;
ERROR 1141 (42000): There is no such grant defined for user 'metastore' on host '%'
mysql> show grants for hive;
+-----------------------------------------------------------------------------------------------------+
| Grants for hive@%                                                                                   |
+-----------------------------------------------------------------------------------------------------+
| GRANT USAGE ON *.* TO 'hive'@'%' IDENTIFIED BY PASSWORD '*7ECC0F9EBE99E50097F84B27A7CBAABD055EE312' |
| GRANT ALL PRIVILEGES ON `metastore`.* TO 'hive'@'%'                                                 |
+-----------------------------------------------------------------------------------------------------+
2 rows in set (0,00 sec)


mysql> show grants for sentry;
+-------------------------------------------------------------------------------------------------------+
| Grants for sentry@%                                                                                   |
+-------------------------------------------------------------------------------------------------------+
| GRANT USAGE ON *.* TO 'sentry'@'%' IDENTIFIED BY PASSWORD '*ADE79BC09BF2075A6F09841FCE08B2D3699821E1' |
| GRANT ALL PRIVILEGES ON `sentry`.* TO 'sentry'@'%'                                                    |
+-------------------------------------------------------------------------------------------------------+
2 rows in set (0,00 sec)

mysql> show grants for oozie;
+------------------------------------------------------------------------------------------------------+
| Grants for oozie@%                                                                                   |
+------------------------------------------------------------------------------------------------------+
| GRANT USAGE ON *.* TO 'oozie'@'%' IDENTIFIED BY PASSWORD '*34023FA524D9318435344B99A471FEB7DE678D19' |
| GRANT ALL PRIVILEGES ON `oozie`.* TO 'oozie'@'%'                                                     |
+------------------------------------------------------------------------------------------------------+
2 rows in set (0,00 sec)

mysql> show grants for hive;
+-----------------------------------------------------------------------------------------------------+
| Grants for hive@%                                                                                   |
+-----------------------------------------------------------------------------------------------------+
| GRANT USAGE ON *.* TO 'hive'@'%' IDENTIFIED BY PASSWORD '*7ECC0F9EBE99E50097F84B27A7CBAABD055EE312' |
| GRANT ALL PRIVILEGES ON `metastore`.* TO 'hive'@'%'                                                 |
+-----------------------------------------------------------------------------------------------------+
2 rows in set (0,00 sec)

mysql> show grants for rman;
+-----------------------------------------------------------------------------------------------------+
| Grants for rman@%                                                                                   |
+-----------------------------------------------------------------------------------------------------+
| GRANT USAGE ON *.* TO 'rman'@'%' IDENTIFIED BY PASSWORD '*BC87FEAB891EBFB0EFD6EEBE8913B1294BC20D58' |
| GRANT ALL PRIVILEGES ON `rman`.* TO 'rman'@'%'                                                      |
+-----------------------------------------------------------------------------------------------------+
2 rows in set (0,00 sec)

mysql> show grants for scm;
+----------------------------------------------------------------------------------------------------+
| Grants for scm@%                                                                                   |
+----------------------------------------------------------------------------------------------------+
| GRANT USAGE ON *.* TO 'scm'@'%' IDENTIFIED BY PASSWORD '*52FEE2327A0D95837BFA01DA3D8B434216D40E43' |
| GRANT ALL PRIVILEGES ON `scm`.* TO 'scm'@'%'                                                       |
+----------------------------------------------------------------------------------------------------+
2 rows in set (0,01 sec)

mysql> show grants for metastore;
ERROR 1141 (42000): There is no such grant defined for user 'metastore' on host '%'
mysql> show grants for hive;
+-----------------------------------------------------------------------------------------------------+
| Grants for hive@%                                                                                   |
+-----------------------------------------------------------------------------------------------------+
| GRANT USAGE ON *.* TO 'hive'@'%' IDENTIFIED BY PASSWORD '*7ECC0F9EBE99E50097F84B27A7CBAABD055EE312' |
| GRANT ALL PRIVILEGES ON `metastore`.* TO 'hive'@'%'                                                 |
+-----------------------------------------------------------------------------------------------------+
2 rows in set (0,00 sec)

mysql> show grants for hue;
ERROR 1141 (42000): There is no such grant defined for user 'hue' on host '%'
mysql> show grants for sentry;
+-------------------------------------------------------------------------------------------------------+
| Grants for sentry@%                                                                                   |
+-------------------------------------------------------------------------------------------------------+
| GRANT USAGE ON *.* TO 'sentry'@'%' IDENTIFIED BY PASSWORD '*ADE79BC09BF2075A6F09841FCE08B2D3699821E1' |
| GRANT ALL PRIVILEGES ON `sentry`.* TO 'sentry'@'%'                                                    |
+-------------------------------------------------------------------------------------------------------+
2 rows in set (0,00 sec)

mysql> show grants for oozie;
+------------------------------------------------------------------------------------------------------+
| Grants for oozie@%                                                                                   |
+------------------------------------------------------------------------------------------------------+
| GRANT USAGE ON *.* TO 'oozie'@'%' IDENTIFIED BY PASSWORD '*34023FA524D9318435344B99A471FEB7DE678D19' |
| GRANT ALL PRIVILEGES ON `oozie`.* TO 'oozie'@'%'                                                     |
+------------------------------------------------------------------------------------------------------+
2 rows in set (0,00 sec)

mysql> show grants for hive;
+-----------------------------------------------------------------------------------------------------+
| Grants for hive@%                                                                                   |
+-----------------------------------------------------------------------------------------------------+
| GRANT USAGE ON *.* TO 'hive'@'%' IDENTIFIED BY PASSWORD '*7ECC0F9EBE99E50097F84B27A7CBAABD055EE312' |
| GRANT ALL PRIVILEGES ON `metastore`.* TO 'hive'@'%'                                                 |
+-----------------------------------------------------------------------------------------------------+
2 rows in set (0,00 sec)

mysql> show grants for rman;
+-----------------------------------------------------------------------------------------------------+
| Grants for rman@%                                                                                   |
+-----------------------------------------------------------------------------------------------------+
| GRANT USAGE ON *.* TO 'rman'@'%' IDENTIFIED BY PASSWORD '*BC87FEAB891EBFB0EFD6EEBE8913B1294BC20D58' |
| GRANT ALL PRIVILEGES ON `rman`.* TO 'rman'@'%'                                                      |
+-----------------------------------------------------------------------------------------------------+
2 rows in set (0,00 sec)

mysql> show grants for scm;
+----------------------------------------------------------------------------------------------------+
| Grants for scm@%                                                                                   |
+----------------------------------------------------------------------------------------------------+
| GRANT USAGE ON *.* TO 'scm'@'%' IDENTIFIED BY PASSWORD '*52FEE2327A0D95837BFA01DA3D8B434216D40E43' |
| GRANT ALL PRIVILEGES ON `scm`.* TO 'scm'@'%'                                                       |
+----------------------------------------------------------------------------------------------------+
2 rows in set (0,00 sec)
```
mysql> show grants for hue;
+----------------------------------------------------------------------------------------------------+
| Grants for hue@%                                                                                   |
+----------------------------------------------------------------------------------------------------+
| GRANT USAGE ON *.* TO 'hue'@'%' IDENTIFIED BY PASSWORD '*52FEE2327A0D95837BFA01DA3D8B434216D40E43' |
| GRANT ALL PRIVILEGES ON `hue`.* TO 'hue'@'%'                                                       |
+----------------------------------------------------------------------------------------------------+
2 rows in set (0,00 sec)
```

